=============================
None
=============================
- streams
[InputCopyStream('SomethingWeirdROOT'), RecordStream('FSRInputCopyStreamSomethingWeirdROOT')]
[InputCopyStream('SomethingWeirdROOT'), RecordStream('FSRInputCopyStreamSomethingWeirdROOT'), LHCb::MDFWriter('LHCb::MDFWriter'), OutputStream('OutputStream'), RecordStream('FSRTagCollectionStreamSomethingElseWeirdROOT'), TagCollectionStream('SomethingElseWeirdROOT'), 'InputCopyStream']
DATAFILE='out1.dst' SVC='RootCnvSvc' OPT='REC'
DATAFILE='out1.dst' SVC='FileRecordCnvSvc' OPT='REC'
file://file2.mdf
DATAFILE='file1.mdf' SVC='LHCb::RawDataCnvSvc' OPT='REC'
DATAFILE='out2.dst' SVC='FileRecordCnvSvc' OPT='REC'
DATAFILE='out2.dst' SVC='RootCnvSvc' OPT='REC'
- after conversion
DATAFILE='out1.dst' SVC='RootCnvSvc' OPT='REC'
DATAFILE='out1.dst' SVC='FileRecordCnvSvc' OPT='REC'
file://file2.mdf
DATAFILE='file1.mdf' SVC='LHCb::RawDataCnvSvc' OPT='REC'
DATAFILE='out2.dst' SVC='FileRecordCnvSvc' OPT='REC'
DATAFILE='out2.dst' SVC='RootCnvSvc' OPT='REC'
=============================
ROOT
=============================
- streams
[InputCopyStream('SomethingWeirdROOT'), RecordStream('FSRInputCopyStreamSomethingWeirdROOT'), InputCopyStream('SomethingWeirdROOT'), RecordStream('FSRInputCopyStreamSomethingWeirdROOT')]
[InputCopyStream('SomethingWeirdROOT'), RecordStream('FSRInputCopyStreamSomethingWeirdROOT'), InputCopyStream('SomethingWeirdROOT'), RecordStream('FSRInputCopyStreamSomethingWeirdROOT'), InputCopyStream('InputCopyStream'), LHCb::MDFWriter('LHCb::MDFWriter'), OutputStream('OutputStream'), RecordStream('FSRTagCollectionStreamSomethingElseWeirdROOT'), TagCollectionStream('SomethingElseWeirdROOT'), 'InputCopyStream']
DATAFILE='out1.dst' SVC='RootCnvSvc' OPT='REC'
DATAFILE='out1.dst' SVC='FileRecordCnvSvc' OPT='REC'
DATAFILE='out1.dst' SVC='RootCnvSvc' OPT='REC'
DATAFILE='out1.dst' SVC='FileRecordCnvSvc' OPT='REC'
file://file2.mdf
DATAFILE='file1.mdf' SVC='LHCb::RawDataCnvSvc' OPT='REC'
DATAFILE='out2.dst' SVC='FileRecordCnvSvc' OPT='REC'
DATAFILE='out2.dst' SVC='RootCnvSvc' OPT='REC'
- after conversion
DATAFILE='out1.dst' SVC='RootCnvSvc' OPT='REC'
DATAFILE='out1.dst' SVC='FileRecordCnvSvc' OPT='REC'
DATAFILE='out1.dst' SVC='RootCnvSvc' OPT='REC'
DATAFILE='out1.dst' SVC='FileRecordCnvSvc' OPT='REC'
file://file2.mdf
DATAFILE='file1.mdf' SVC='LHCb::RawDataCnvSvc' OPT='REC'
DATAFILE='out2.dst' SVC='FileRecordCnvSvc' OPT='REC'
DATAFILE='out2.dst' SVC='RootCnvSvc' OPT='REC'
=============================
MDF
=============================
# WARNING: FSRs can not be written to MDF file  out1.dst . Set writeFSR to False to supress this warning
# WARNING: FSRs can not be written to MDF file  out2.dst . Set writeFSR to False to supress this warning
- streams
[InputCopyStream('SomethingWeirdROOT'), RecordStream('FSRInputCopyStreamSomethingWeirdROOT'), InputCopyStream('SomethingWeirdROOT'), RecordStream('FSRInputCopyStreamSomethingWeirdROOT'), InputCopyStream('SomethingWeirdMDF')]
[InputCopyStream('SomethingWeirdROOT'), RecordStream('FSRInputCopyStreamSomethingWeirdROOT'), InputCopyStream('SomethingWeirdROOT'), RecordStream('FSRInputCopyStreamSomethingWeirdROOT'), InputCopyStream('SomethingWeirdMDF'), InputCopyStream('InputCopyStream'), LHCb::MDFWriter('LHCb::MDFWriter'), OutputStream('OutputStream'), TagCollectionStream('SomethingElseWeirdMDF'), RecordStream('FSRTagCollectionStreamSomethingElseWeirdROOT'), TagCollectionStream('SomethingElseWeirdROOT'), 'InputCopyStream']
DATAFILE='out1.dst' SVC='RootCnvSvc' OPT='REC'
DATAFILE='out1.dst' SVC='FileRecordCnvSvc' OPT='REC'
DATAFILE='out1.dst' SVC='RootCnvSvc' OPT='REC'
DATAFILE='out1.dst' SVC='FileRecordCnvSvc' OPT='REC'
DATAFILE='out1.dst' SVC='LHCb::RawDataCnvSvc' OPT='REC'
file://file2.mdf
DATAFILE='file1.mdf' SVC='LHCb::RawDataCnvSvc' OPT='REC'
DATAFILE='out2.dst' SVC='LHCb::RawDataCnvSvc' OPT='REC'
DATAFILE='out2.dst' SVC='FileRecordCnvSvc' OPT='REC'
DATAFILE='out2.dst' SVC='RootCnvSvc' OPT='REC'
- after conversion
DATAFILE='out1.dst' SVC='RootCnvSvc' OPT='REC'
DATAFILE='out1.dst' SVC='FileRecordCnvSvc' OPT='REC'
DATAFILE='out1.dst' SVC='RootCnvSvc' OPT='REC'
DATAFILE='out1.dst' SVC='FileRecordCnvSvc' OPT='REC'
DATAFILE='out1.dst' SVC='LHCb::RawDataCnvSvc' OPT='REC'
file://file2.mdf
DATAFILE='file1.mdf' SVC='LHCb::RawDataCnvSvc' OPT='REC'
DATAFILE='out2.dst' SVC='LHCb::RawDataCnvSvc' OPT='REC'
DATAFILE='out2.dst' SVC='FileRecordCnvSvc' OPT='REC'
DATAFILE='out2.dst' SVC='RootCnvSvc' OPT='REC'
